// Jest Snapshot v1, https://goo.gl/fbAQLP

exports[`generateNgrams should correctly handle five-word keyword 1`] = `
[
  "one two three four five",
  "two three four five",
  "one two three four",
  "three four five",
  "two three four",
  "one two three",
  "three four",
  "two three",
  "four five",
  "one two",
  "three",
  "four",
  "five",
  "one",
  "two",
]
`;

exports[`highlightKeywords should highlight keywords in multi-line content 1`] = `
[
  "This is a ==test content==.

With multiple lines.

And test content repeated",
  "his is a test content.

With multiple lines.

And ==test content== repeated.",
]
`;

exports[`highlightKeywords should highlight keywords in multi-line content 2 1`] = `
[
  "s for confirmation. That part works now.

Another ==part checks the total number== of files; if there are no files, it will not ask ",
  "Another part checks the total number of files; if ==the==re are no files, it will not ask users for confirm",
  "iles, it will not ask users for confirmation when ==the== destination does not exist. However, there is a r",
  "ion when the destination does not exist. However, ==the==re is a redundant query for the files occurring tw",
  "ot exist. However, there is a redundant query for ==the== files occurring twice: once for checking file exi",
]
`;
